// Jest Snapshot v1, https://goo.gl/fbAQLP

exports[`AbstractDto AbstractDto snapshot  1`] = `[Function]`;
