// Jest Snapshot v1, https://goo.gl/fbAQLP

exports[`RoleType RoleType snapshot  1`] = `
Object {
  "ADMIN": "ADMIN",
  "USER": "USER",
}
`;
