// Jest Snapshot v1, https://goo.gl/fbAQLP

exports[`AuthUser AuthUser snapshot  1`] = `[Function]`;
