// Jest Snapshot v1, https://goo.gl/fbAQLP

exports[`Roles Roles snapshot  1`] = `[Function]`;
